<!doctype html public "-//w3c//dtd html 4.0 transitional//en">
<html><head>
<title>Static Call Graph - [.\Objects\STM32L152RB.axf]</title></head>
<body><HR>
<H1>Static Call Graph for image .\Objects\STM32L152RB.axf</H1><HR>
<BR><P>#&#060CALLGRAPH&#062# ARM Linker, 6120001: Last Updated: Wed Feb 14 21:47:16 2024
<BR><P>
<H3>Maximum Stack Usage =         80 bytes + Unknown(Functions without stacksize, Cycles, Untraceable Function Pointers)</H3><H3>
Call chain for Maximum Stack Depth:</H3>
__rt_entry_main &rArr; main &rArr; Usart_Config &rArr; LL_USART_Init &rArr; LL_RCC_GetSystemClocksFreq
<P>
<H3>
Functions with no stack information
</H3><UL>
 <LI><a href="#[3b]">__user_initial_stackheap</a>
</UL>
</UL>
<P>
<H3>
Mutually Recursive functions
</H3> <LI><a href="#[1]">NMI_Handler</a>&nbsp;&nbsp;&nbsp;&rArr;&nbsp;&nbsp;&nbsp;<a href="#[1]">NMI_Handler</a><BR>
 <LI><a href="#[2]">HardFault_Handler</a>&nbsp;&nbsp;&nbsp;&rArr;&nbsp;&nbsp;&nbsp;<a href="#[2]">HardFault_Handler</a><BR>
 <LI><a href="#[3]">MemManage_Handler</a>&nbsp;&nbsp;&nbsp;&rArr;&nbsp;&nbsp;&nbsp;<a href="#[3]">MemManage_Handler</a><BR>
 <LI><a href="#[4]">BusFault_Handler</a>&nbsp;&nbsp;&nbsp;&rArr;&nbsp;&nbsp;&nbsp;<a href="#[4]">BusFault_Handler</a><BR>
 <LI><a href="#[5]">UsageFault_Handler</a>&nbsp;&nbsp;&nbsp;&rArr;&nbsp;&nbsp;&nbsp;<a href="#[5]">UsageFault_Handler</a><BR>
 <LI><a href="#[6]">SVC_Handler</a>&nbsp;&nbsp;&nbsp;&rArr;&nbsp;&nbsp;&nbsp;<a href="#[6]">SVC_Handler</a><BR>
 <LI><a href="#[7]">DebugMon_Handler</a>&nbsp;&nbsp;&nbsp;&rArr;&nbsp;&nbsp;&nbsp;<a href="#[7]">DebugMon_Handler</a><BR>
 <LI><a href="#[8]">PendSV_Handler</a>&nbsp;&nbsp;&nbsp;&rArr;&nbsp;&nbsp;&nbsp;<a href="#[8]">PendSV_Handler</a><BR>
 <LI><a href="#[9]">SysTick_Handler</a>&nbsp;&nbsp;&nbsp;&rArr;&nbsp;&nbsp;&nbsp;<a href="#[9]">SysTick_Handler</a><BR>
 <LI><a href="#[1c]">ADC1_IRQHandler</a>&nbsp;&nbsp;&nbsp;&rArr;&nbsp;&nbsp;&nbsp;<a href="#[1c]">ADC1_IRQHandler</a><BR>
</UL>
<P>
<H3>
Function Pointers
</H3><UL>
 <LI><a href="#[1c]">ADC1_IRQHandler</a> from startup_stm32l152xb.o(.text) referenced from startup_stm32l152xb.o(RESET)
 <LI><a href="#[4]">BusFault_Handler</a> from startup_stm32l152xb.o(.text) referenced from startup_stm32l152xb.o(RESET)
 <LI><a href="#[20]">COMP_IRQHandler</a> from startup_stm32l152xb.o(.text) referenced from startup_stm32l152xb.o(RESET)
 <LI><a href="#[1f]">DAC_IRQHandler</a> from startup_stm32l152xb.o(.text) referenced from startup_stm32l152xb.o(RESET)
 <LI><a href="#[15]">DMA1_Channel1_IRQHandler</a> from startup_stm32l152xb.o(.text) referenced from startup_stm32l152xb.o(RESET)
 <LI><a href="#[16]">DMA1_Channel2_IRQHandler</a> from startup_stm32l152xb.o(.text) referenced from startup_stm32l152xb.o(RESET)
 <LI><a href="#[17]">DMA1_Channel3_IRQHandler</a> from startup_stm32l152xb.o(.text) referenced from startup_stm32l152xb.o(RESET)
 <LI><a href="#[18]">DMA1_Channel4_IRQHandler</a> from startup_stm32l152xb.o(.text) referenced from startup_stm32l152xb.o(RESET)
 <LI><a href="#[19]">DMA1_Channel5_IRQHandler</a> from startup_stm32l152xb.o(.text) referenced from startup_stm32l152xb.o(RESET)
 <LI><a href="#[1a]">DMA1_Channel6_IRQHandler</a> from startup_stm32l152xb.o(.text) referenced from startup_stm32l152xb.o(RESET)
 <LI><a href="#[1b]">DMA1_Channel7_IRQHandler</a> from startup_stm32l152xb.o(.text) referenced from startup_stm32l152xb.o(RESET)
 <LI><a href="#[7]">DebugMon_Handler</a> from startup_stm32l152xb.o(.text) referenced from startup_stm32l152xb.o(RESET)
 <LI><a href="#[10]">EXTI0_IRQHandler</a> from startup_stm32l152xb.o(.text) referenced from startup_stm32l152xb.o(RESET)
 <LI><a href="#[32]">EXTI15_10_IRQHandler</a> from startup_stm32l152xb.o(.text) referenced from startup_stm32l152xb.o(RESET)
 <LI><a href="#[11]">EXTI1_IRQHandler</a> from startup_stm32l152xb.o(.text) referenced from startup_stm32l152xb.o(RESET)
 <LI><a href="#[12]">EXTI2_IRQHandler</a> from startup_stm32l152xb.o(.text) referenced from startup_stm32l152xb.o(RESET)
 <LI><a href="#[13]">EXTI3_IRQHandler</a> from main.o(.text.EXTI3_IRQHandler) referenced from startup_stm32l152xb.o(RESET)
 <LI><a href="#[14]">EXTI4_IRQHandler</a> from startup_stm32l152xb.o(.text) referenced from startup_stm32l152xb.o(RESET)
 <LI><a href="#[21]">EXTI9_5_IRQHandler</a> from startup_stm32l152xb.o(.text) referenced from startup_stm32l152xb.o(RESET)
 <LI><a href="#[e]">FLASH_IRQHandler</a> from startup_stm32l152xb.o(.text) referenced from startup_stm32l152xb.o(RESET)
 <LI><a href="#[2]">HardFault_Handler</a> from startup_stm32l152xb.o(.text) referenced from startup_stm32l152xb.o(RESET)
 <LI><a href="#[2a]">I2C1_ER_IRQHandler</a> from startup_stm32l152xb.o(.text) referenced from startup_stm32l152xb.o(RESET)
 <LI><a href="#[29]">I2C1_EV_IRQHandler</a> from startup_stm32l152xb.o(.text) referenced from startup_stm32l152xb.o(RESET)
 <LI><a href="#[2c]">I2C2_ER_IRQHandler</a> from startup_stm32l152xb.o(.text) referenced from startup_stm32l152xb.o(RESET)
 <LI><a href="#[2b]">I2C2_EV_IRQHandler</a> from startup_stm32l152xb.o(.text) referenced from startup_stm32l152xb.o(RESET)
 <LI><a href="#[22]">LCD_IRQHandler</a> from startup_stm32l152xb.o(.text) referenced from startup_stm32l152xb.o(RESET)
 <LI><a href="#[39]">LL_AHB1_GRP1_EnableClock</a> from main.o(.text.LL_AHB1_GRP1_EnableClock) referenced from main.o(.text.Gpio_Config)
 <LI><a href="#[3a]">LL_GPIO_Init</a> from stm32l1xx_ll_gpio.o(.text.LL_GPIO_Init) referenced from main.o(.text.Gpio_Config)
 <LI><a href="#[3]">MemManage_Handler</a> from startup_stm32l152xb.o(.text) referenced from startup_stm32l152xb.o(RESET)
 <LI><a href="#[1]">NMI_Handler</a> from startup_stm32l152xb.o(.text) referenced from startup_stm32l152xb.o(RESET)
 <LI><a href="#[b]">PVD_IRQHandler</a> from startup_stm32l152xb.o(.text) referenced from startup_stm32l152xb.o(RESET)
 <LI><a href="#[8]">PendSV_Handler</a> from startup_stm32l152xb.o(.text) referenced from startup_stm32l152xb.o(RESET)
 <LI><a href="#[f]">RCC_IRQHandler</a> from startup_stm32l152xb.o(.text) referenced from startup_stm32l152xb.o(RESET)
 <LI><a href="#[33]">RTC_Alarm_IRQHandler</a> from startup_stm32l152xb.o(.text) referenced from startup_stm32l152xb.o(RESET)
 <LI><a href="#[d]">RTC_WKUP_IRQHandler</a> from startup_stm32l152xb.o(.text) referenced from startup_stm32l152xb.o(RESET)
 <LI><a href="#[0]">Reset_Handler</a> from startup_stm32l152xb.o(.text) referenced from startup_stm32l152xb.o(RESET)
 <LI><a href="#[2d]">SPI1_IRQHandler</a> from startup_stm32l152xb.o(.text) referenced from startup_stm32l152xb.o(RESET)
 <LI><a href="#[2e]">SPI2_IRQHandler</a> from startup_stm32l152xb.o(.text) referenced from startup_stm32l152xb.o(RESET)
 <LI><a href="#[6]">SVC_Handler</a> from startup_stm32l152xb.o(.text) referenced from startup_stm32l152xb.o(RESET)
 <LI><a href="#[9]">SysTick_Handler</a> from startup_stm32l152xb.o(.text) referenced from startup_stm32l152xb.o(RESET)
 <LI><a href="#[37]">SystemInit</a> from system_stm32l1xx.o(.text.SystemInit) referenced from startup_stm32l152xb.o(.text)
 <LI><a href="#[c]">TAMPER_STAMP_IRQHandler</a> from startup_stm32l152xb.o(.text) referenced from startup_stm32l152xb.o(RESET)
 <LI><a href="#[24]">TIM10_IRQHandler</a> from startup_stm32l152xb.o(.text) referenced from startup_stm32l152xb.o(RESET)
 <LI><a href="#[25]">TIM11_IRQHandler</a> from startup_stm32l152xb.o(.text) referenced from startup_stm32l152xb.o(RESET)
 <LI><a href="#[26]">TIM2_IRQHandler</a> from startup_stm32l152xb.o(.text) referenced from startup_stm32l152xb.o(RESET)
 <LI><a href="#[27]">TIM3_IRQHandler</a> from startup_stm32l152xb.o(.text) referenced from startup_stm32l152xb.o(RESET)
 <LI><a href="#[28]">TIM4_IRQHandler</a> from startup_stm32l152xb.o(.text) referenced from startup_stm32l152xb.o(RESET)
 <LI><a href="#[35]">TIM6_IRQHandler</a> from startup_stm32l152xb.o(.text) referenced from startup_stm32l152xb.o(RESET)
 <LI><a href="#[36]">TIM7_IRQHandler</a> from startup_stm32l152xb.o(.text) referenced from startup_stm32l152xb.o(RESET)
 <LI><a href="#[23]">TIM9_IRQHandler</a> from startup_stm32l152xb.o(.text) referenced from startup_stm32l152xb.o(RESET)
 <LI><a href="#[2f]">USART1_IRQHandler</a> from startup_stm32l152xb.o(.text) referenced from startup_stm32l152xb.o(RESET)
 <LI><a href="#[30]">USART2_IRQHandler</a> from startup_stm32l152xb.o(.text) referenced from startup_stm32l152xb.o(RESET)
 <LI><a href="#[31]">USART3_IRQHandler</a> from startup_stm32l152xb.o(.text) referenced from startup_stm32l152xb.o(RESET)
 <LI><a href="#[34]">USB_FS_WKUP_IRQHandler</a> from startup_stm32l152xb.o(.text) referenced from startup_stm32l152xb.o(RESET)
 <LI><a href="#[1d]">USB_HP_IRQHandler</a> from startup_stm32l152xb.o(.text) referenced from startup_stm32l152xb.o(RESET)
 <LI><a href="#[1e]">USB_LP_IRQHandler</a> from startup_stm32l152xb.o(.text) referenced from startup_stm32l152xb.o(RESET)
 <LI><a href="#[5]">UsageFault_Handler</a> from startup_stm32l152xb.o(.text) referenced from startup_stm32l152xb.o(RESET)
 <LI><a href="#[a]">WWDG_IRQHandler</a> from startup_stm32l152xb.o(.text) referenced from startup_stm32l152xb.o(RESET)
 <LI><a href="#[38]">__main</a> from __main.o(!!!main) referenced from startup_stm32l152xb.o(.text)
</UL>
<P>
<H3>
Global Symbols
</H3>
<P><STRONG><a name="[38]"></a>__main</STRONG> (Thumb, 8 bytes, Stack size 0 bytes, __main.o(!!!main))
<BR><BR>[Calls]<UL><LI><a href="#[3c]">&gt;&gt;</a>&nbsp;&nbsp;&nbsp;__scatterload
<LI><a href="#[3d]">&gt;&gt;</a>&nbsp;&nbsp;&nbsp;__rt_entry
</UL>
<BR>[Address Reference Count : 1]<UL><LI> startup_stm32l152xb.o(.text)
</UL>
<P><STRONG><a name="[3c]"></a>__scatterload</STRONG> (Thumb, 0 bytes, Stack size unknown bytes, __scatter.o(!!!scatter))
<BR><BR>[Called By]<UL><LI><a href="#[38]">&gt;&gt;</a>&nbsp;&nbsp;&nbsp;__main
</UL>

<P><STRONG><a name="[3e]"></a>__scatterload_rt2</STRONG> (Thumb, 44 bytes, Stack size unknown bytes, __scatter.o(!!!scatter), UNUSED)
<BR><BR>[Calls]<UL><LI><a href="#[3d]">&gt;&gt;</a>&nbsp;&nbsp;&nbsp;__rt_entry
</UL>

<P><STRONG><a name="[5e]"></a>__scatterload_rt2_thumb_only</STRONG> (Thumb, 0 bytes, Stack size unknown bytes, __scatter.o(!!!scatter), UNUSED)

<P><STRONG><a name="[5f]"></a>__scatterload_null</STRONG> (Thumb, 0 bytes, Stack size unknown bytes, __scatter.o(!!!scatter), UNUSED)

<P><STRONG><a name="[3f]"></a>__scatterload_copy</STRONG> (Thumb, 26 bytes, Stack size unknown bytes, __scatter_copy.o(!!handler_copy), UNUSED)
<BR><BR>[Calls]<UL><LI><a href="#[3f]">&gt;&gt;</a>&nbsp;&nbsp;&nbsp;__scatterload_copy
</UL>
<BR>[Called By]<UL><LI><a href="#[3f]">&gt;&gt;</a>&nbsp;&nbsp;&nbsp;__scatterload_copy
</UL>

<P><STRONG><a name="[60]"></a>__scatterload_zeroinit</STRONG> (Thumb, 28 bytes, Stack size unknown bytes, __scatter_zi.o(!!handler_zi), UNUSED)

<P><STRONG><a name="[43]"></a>__rt_lib_init</STRONG> (Thumb, 0 bytes, Stack size unknown bytes, libinit.o(.ARM.Collect$$libinit$$00000000))
<BR><BR>[Called By]<UL><LI><a href="#[42]">&gt;&gt;</a>&nbsp;&nbsp;&nbsp;__rt_entry_li
</UL>

<P><STRONG><a name="[61]"></a>__rt_lib_init_alloca_1</STRONG> (Thumb, 0 bytes, Stack size unknown bytes, libinit2.o(.ARM.Collect$$libinit$$0000002E))

<P><STRONG><a name="[62]"></a>__rt_lib_init_argv_1</STRONG> (Thumb, 0 bytes, Stack size unknown bytes, libinit2.o(.ARM.Collect$$libinit$$0000002C))

<P><STRONG><a name="[63]"></a>__rt_lib_init_atexit_1</STRONG> (Thumb, 0 bytes, Stack size unknown bytes, libinit2.o(.ARM.Collect$$libinit$$0000001B))

<P><STRONG><a name="[64]"></a>__rt_lib_init_clock_1</STRONG> (Thumb, 0 bytes, Stack size unknown bytes, libinit2.o(.ARM.Collect$$libinit$$00000021))

<P><STRONG><a name="[65]"></a>__rt_lib_init_cpp_1</STRONG> (Thumb, 0 bytes, Stack size unknown bytes, libinit2.o(.ARM.Collect$$libinit$$00000032))

<P><STRONG><a name="[66]"></a>__rt_lib_init_exceptions_1</STRONG> (Thumb, 0 bytes, Stack size unknown bytes, libinit2.o(.ARM.Collect$$libinit$$00000030))

<P><STRONG><a name="[67]"></a>__rt_lib_init_fp_1</STRONG> (Thumb, 0 bytes, Stack size unknown bytes, libinit2.o(.ARM.Collect$$libinit$$00000002))

<P><STRONG><a name="[68]"></a>__rt_lib_init_fp_trap_1</STRONG> (Thumb, 0 bytes, Stack size unknown bytes, libinit2.o(.ARM.Collect$$libinit$$0000001F))

<P><STRONG><a name="[69]"></a>__rt_lib_init_getenv_1</STRONG> (Thumb, 0 bytes, Stack size unknown bytes, libinit2.o(.ARM.Collect$$libinit$$00000023))

<P><STRONG><a name="[6a]"></a>__rt_lib_init_heap_1</STRONG> (Thumb, 0 bytes, Stack size unknown bytes, libinit2.o(.ARM.Collect$$libinit$$0000000A))

<P><STRONG><a name="[6b]"></a>__rt_lib_init_lc_collate_1</STRONG> (Thumb, 0 bytes, Stack size unknown bytes, libinit2.o(.ARM.Collect$$libinit$$00000011))

<P><STRONG><a name="[6c]"></a>__rt_lib_init_lc_ctype_1</STRONG> (Thumb, 0 bytes, Stack size unknown bytes, libinit2.o(.ARM.Collect$$libinit$$00000013))

<P><STRONG><a name="[6d]"></a>__rt_lib_init_lc_monetary_1</STRONG> (Thumb, 0 bytes, Stack size unknown bytes, libinit2.o(.ARM.Collect$$libinit$$00000015))

<P><STRONG><a name="[6e]"></a>__rt_lib_init_lc_numeric_1</STRONG> (Thumb, 0 bytes, Stack size unknown bytes, libinit2.o(.ARM.Collect$$libinit$$00000017))

<P><STRONG><a name="[6f]"></a>__rt_lib_init_lc_time_1</STRONG> (Thumb, 0 bytes, Stack size unknown bytes, libinit2.o(.ARM.Collect$$libinit$$00000019))

<P><STRONG><a name="[70]"></a>__rt_lib_init_preinit_1</STRONG> (Thumb, 0 bytes, Stack size unknown bytes, libinit2.o(.ARM.Collect$$libinit$$00000004))

<P><STRONG><a name="[71]"></a>__rt_lib_init_rand_1</STRONG> (Thumb, 0 bytes, Stack size unknown bytes, libinit2.o(.ARM.Collect$$libinit$$0000000E))

<P><STRONG><a name="[72]"></a>__rt_lib_init_return</STRONG> (Thumb, 0 bytes, Stack size unknown bytes, libinit2.o(.ARM.Collect$$libinit$$00000033))

<P><STRONG><a name="[73]"></a>__rt_lib_init_signal_1</STRONG> (Thumb, 0 bytes, Stack size unknown bytes, libinit2.o(.ARM.Collect$$libinit$$0000001D))

<P><STRONG><a name="[74]"></a>__rt_lib_init_stdio_1</STRONG> (Thumb, 0 bytes, Stack size unknown bytes, libinit2.o(.ARM.Collect$$libinit$$00000025))

<P><STRONG><a name="[75]"></a>__rt_lib_init_user_alloc_1</STRONG> (Thumb, 0 bytes, Stack size unknown bytes, libinit2.o(.ARM.Collect$$libinit$$0000000C))

<P><STRONG><a name="[48]"></a>__rt_lib_shutdown</STRONG> (Thumb, 0 bytes, Stack size unknown bytes, libshutdown.o(.ARM.Collect$$libshutdown$$00000000))
<BR><BR>[Called By]<UL><LI><a href="#[47]">&gt;&gt;</a>&nbsp;&nbsp;&nbsp;__rt_exit_ls
</UL>

<P><STRONG><a name="[76]"></a>__rt_lib_shutdown_cpp_1</STRONG> (Thumb, 0 bytes, Stack size unknown bytes, libshutdown2.o(.ARM.Collect$$libshutdown$$00000002))

<P><STRONG><a name="[77]"></a>__rt_lib_shutdown_fp_trap_1</STRONG> (Thumb, 0 bytes, Stack size unknown bytes, libshutdown2.o(.ARM.Collect$$libshutdown$$00000007))

<P><STRONG><a name="[78]"></a>__rt_lib_shutdown_heap_1</STRONG> (Thumb, 0 bytes, Stack size unknown bytes, libshutdown2.o(.ARM.Collect$$libshutdown$$0000000F))

<P><STRONG><a name="[79]"></a>__rt_lib_shutdown_return</STRONG> (Thumb, 0 bytes, Stack size unknown bytes, libshutdown2.o(.ARM.Collect$$libshutdown$$00000010))

<P><STRONG><a name="[7a]"></a>__rt_lib_shutdown_signal_1</STRONG> (Thumb, 0 bytes, Stack size unknown bytes, libshutdown2.o(.ARM.Collect$$libshutdown$$0000000A))

<P><STRONG><a name="[7b]"></a>__rt_lib_shutdown_stdio_1</STRONG> (Thumb, 0 bytes, Stack size unknown bytes, libshutdown2.o(.ARM.Collect$$libshutdown$$00000004))

<P><STRONG><a name="[7c]"></a>__rt_lib_shutdown_user_alloc_1</STRONG> (Thumb, 0 bytes, Stack size unknown bytes, libshutdown2.o(.ARM.Collect$$libshutdown$$0000000C))

<P><STRONG><a name="[3d]"></a>__rt_entry</STRONG> (Thumb, 0 bytes, Stack size unknown bytes, __rtentry.o(.ARM.Collect$$rtentry$$00000000))
<BR><BR>[Called By]<UL><LI><a href="#[3e]">&gt;&gt;</a>&nbsp;&nbsp;&nbsp;__scatterload_rt2
<LI><a href="#[38]">&gt;&gt;</a>&nbsp;&nbsp;&nbsp;__main
</UL>

<P><STRONG><a name="[7d]"></a>__rt_entry_presh_1</STRONG> (Thumb, 0 bytes, Stack size unknown bytes, __rtentry2.o(.ARM.Collect$$rtentry$$00000002))

<P><STRONG><a name="[40]"></a>__rt_entry_sh</STRONG> (Thumb, 0 bytes, Stack size unknown bytes, __rtentry4.o(.ARM.Collect$$rtentry$$00000004))
<BR><BR>[Stack]<UL><LI>Max Depth = 8 + Unknown Stack Size
<LI>Call Chain = __rt_entry_sh &rArr; __user_setup_stackheap
</UL>
<BR>[Calls]<UL><LI><a href="#[41]">&gt;&gt;</a>&nbsp;&nbsp;&nbsp;__user_setup_stackheap
</UL>

<P><STRONG><a name="[42]"></a>__rt_entry_li</STRONG> (Thumb, 0 bytes, Stack size unknown bytes, __rtentry2.o(.ARM.Collect$$rtentry$$0000000A))
<BR><BR>[Calls]<UL><LI><a href="#[43]">&gt;&gt;</a>&nbsp;&nbsp;&nbsp;__rt_lib_init
</UL>

<P><STRONG><a name="[7e]"></a>__rt_entry_postsh_1</STRONG> (Thumb, 0 bytes, Stack size unknown bytes, __rtentry2.o(.ARM.Collect$$rtentry$$00000009))

<P><STRONG><a name="[44]"></a>__rt_entry_main</STRONG> (Thumb, 0 bytes, Stack size unknown bytes, __rtentry2.o(.ARM.Collect$$rtentry$$0000000D))
<BR><BR>[Stack]<UL><LI>Max Depth = 80 + Unknown Stack Size
<LI>Call Chain = __rt_entry_main &rArr; main &rArr; Usart_Config &rArr; LL_USART_Init &rArr; LL_RCC_GetSystemClocksFreq
</UL>
<BR>[Calls]<UL><LI><a href="#[45]">&gt;&gt;</a>&nbsp;&nbsp;&nbsp;main
<LI><a href="#[46]">&gt;&gt;</a>&nbsp;&nbsp;&nbsp;exit
</UL>

<P><STRONG><a name="[7f]"></a>__rt_entry_postli_1</STRONG> (Thumb, 0 bytes, Stack size unknown bytes, __rtentry2.o(.ARM.Collect$$rtentry$$0000000C))

<P><STRONG><a name="[4c]"></a>__rt_exit</STRONG> (Thumb, 0 bytes, Stack size unknown bytes, rtexit.o(.ARM.Collect$$rtexit$$00000000))
<BR><BR>[Called By]<UL><LI><a href="#[46]">&gt;&gt;</a>&nbsp;&nbsp;&nbsp;exit
</UL>

<P><STRONG><a name="[47]"></a>__rt_exit_ls</STRONG> (Thumb, 0 bytes, Stack size unknown bytes, rtexit2.o(.ARM.Collect$$rtexit$$00000003))
<BR><BR>[Calls]<UL><LI><a href="#[48]">&gt;&gt;</a>&nbsp;&nbsp;&nbsp;__rt_lib_shutdown
</UL>

<P><STRONG><a name="[80]"></a>__rt_exit_prels_1</STRONG> (Thumb, 0 bytes, Stack size unknown bytes, rtexit2.o(.ARM.Collect$$rtexit$$00000002))

<P><STRONG><a name="[49]"></a>__rt_exit_exit</STRONG> (Thumb, 0 bytes, Stack size unknown bytes, rtexit2.o(.ARM.Collect$$rtexit$$00000004))
<BR><BR>[Calls]<UL><LI><a href="#[4a]">&gt;&gt;</a>&nbsp;&nbsp;&nbsp;_sys_exit
</UL>

<P><STRONG><a name="[0]"></a>Reset_Handler</STRONG> (Thumb, 8 bytes, Stack size 0 bytes, startup_stm32l152xb.o(.text))
<BR>[Address Reference Count : 1]<UL><LI> startup_stm32l152xb.o(RESET)
</UL>
<P><STRONG><a name="[1]"></a>NMI_Handler</STRONG> (Thumb, 2 bytes, Stack size 0 bytes, startup_stm32l152xb.o(.text))
<BR><BR>[Calls]<UL><LI><a href="#[1]">&gt;&gt;</a>&nbsp;&nbsp;&nbsp;NMI_Handler
</UL>
<BR>[Called By]<UL><LI><a href="#[1]">&gt;&gt;</a>&nbsp;&nbsp;&nbsp;NMI_Handler
</UL>
<BR>[Address Reference Count : 1]<UL><LI> startup_stm32l152xb.o(RESET)
</UL>
<P><STRONG><a name="[2]"></a>HardFault_Handler</STRONG> (Thumb, 2 bytes, Stack size 0 bytes, startup_stm32l152xb.o(.text))
<BR><BR>[Calls]<UL><LI><a href="#[2]">&gt;&gt;</a>&nbsp;&nbsp;&nbsp;HardFault_Handler
</UL>
<BR>[Called By]<UL><LI><a href="#[2]">&gt;&gt;</a>&nbsp;&nbsp;&nbsp;HardFault_Handler
</UL>
<BR>[Address Reference Count : 1]<UL><LI> startup_stm32l152xb.o(RESET)
</UL>
<P><STRONG><a name="[3]"></a>MemManage_Handler</STRONG> (Thumb, 2 bytes, Stack size 0 bytes, startup_stm32l152xb.o(.text))
<BR><BR>[Calls]<UL><LI><a href="#[3]">&gt;&gt;</a>&nbsp;&nbsp;&nbsp;MemManage_Handler
</UL>
<BR>[Called By]<UL><LI><a href="#[3]">&gt;&gt;</a>&nbsp;&nbsp;&nbsp;MemManage_Handler
</UL>
<BR>[Address Reference Count : 1]<UL><LI> startup_stm32l152xb.o(RESET)
</UL>
<P><STRONG><a name="[4]"></a>BusFault_Handler</STRONG> (Thumb, 2 bytes, Stack size 0 bytes, startup_stm32l152xb.o(.text))
<BR><BR>[Calls]<UL><LI><a href="#[4]">&gt;&gt;</a>&nbsp;&nbsp;&nbsp;BusFault_Handler
</UL>
<BR>[Called By]<UL><LI><a href="#[4]">&gt;&gt;</a>&nbsp;&nbsp;&nbsp;BusFault_Handler
</UL>
<BR>[Address Reference Count : 1]<UL><LI> startup_stm32l152xb.o(RESET)
</UL>
<P><STRONG><a name="[5]"></a>UsageFault_Handler</STRONG> (Thumb, 2 bytes, Stack size 0 bytes, startup_stm32l152xb.o(.text))
<BR><BR>[Calls]<UL><LI><a href="#[5]">&gt;&gt;</a>&nbsp;&nbsp;&nbsp;UsageFault_Handler
</UL>
<BR>[Called By]<UL><LI><a href="#[5]">&gt;&gt;</a>&nbsp;&nbsp;&nbsp;UsageFault_Handler
</UL>
<BR>[Address Reference Count : 1]<UL><LI> startup_stm32l152xb.o(RESET)
</UL>
<P><STRONG><a name="[6]"></a>SVC_Handler</STRONG> (Thumb, 2 bytes, Stack size 0 bytes, startup_stm32l152xb.o(.text))
<BR><BR>[Calls]<UL><LI><a href="#[6]">&gt;&gt;</a>&nbsp;&nbsp;&nbsp;SVC_Handler
</UL>
<BR>[Called By]<UL><LI><a href="#[6]">&gt;&gt;</a>&nbsp;&nbsp;&nbsp;SVC_Handler
</UL>
<BR>[Address Reference Count : 1]<UL><LI> startup_stm32l152xb.o(RESET)
</UL>
<P><STRONG><a name="[7]"></a>DebugMon_Handler</STRONG> (Thumb, 2 bytes, Stack size 0 bytes, startup_stm32l152xb.o(.text))
<BR><BR>[Calls]<UL><LI><a href="#[7]">&gt;&gt;</a>&nbsp;&nbsp;&nbsp;DebugMon_Handler
</UL>
<BR>[Called By]<UL><LI><a href="#[7]">&gt;&gt;</a>&nbsp;&nbsp;&nbsp;DebugMon_Handler
</UL>
<BR>[Address Reference Count : 1]<UL><LI> startup_stm32l152xb.o(RESET)
</UL>
<P><STRONG><a name="[8]"></a>PendSV_Handler</STRONG> (Thumb, 2 bytes, Stack size 0 bytes, startup_stm32l152xb.o(.text))
<BR><BR>[Calls]<UL><LI><a href="#[8]">&gt;&gt;</a>&nbsp;&nbsp;&nbsp;PendSV_Handler
</UL>
<BR>[Called By]<UL><LI><a href="#[8]">&gt;&gt;</a>&nbsp;&nbsp;&nbsp;PendSV_Handler
</UL>
<BR>[Address Reference Count : 1]<UL><LI> startup_stm32l152xb.o(RESET)
</UL>
<P><STRONG><a name="[9]"></a>SysTick_Handler</STRONG> (Thumb, 2 bytes, Stack size 0 bytes, startup_stm32l152xb.o(.text))
<BR><BR>[Calls]<UL><LI><a href="#[9]">&gt;&gt;</a>&nbsp;&nbsp;&nbsp;SysTick_Handler
</UL>
<BR>[Called By]<UL><LI><a href="#[9]">&gt;&gt;</a>&nbsp;&nbsp;&nbsp;SysTick_Handler
</UL>
<BR>[Address Reference Count : 1]<UL><LI> startup_stm32l152xb.o(RESET)
</UL>
<P><STRONG><a name="[1c]"></a>ADC1_IRQHandler</STRONG> (Thumb, 0 bytes, Stack size 0 bytes, startup_stm32l152xb.o(.text))
<BR><BR>[Calls]<UL><LI><a href="#[1c]">&gt;&gt;</a>&nbsp;&nbsp;&nbsp;ADC1_IRQHandler
</UL>
<BR>[Called By]<UL><LI><a href="#[1c]">&gt;&gt;</a>&nbsp;&nbsp;&nbsp;ADC1_IRQHandler
</UL>
<BR>[Address Reference Count : 1]<UL><LI> startup_stm32l152xb.o(RESET)
</UL>
<P><STRONG><a name="[20]"></a>COMP_IRQHandler</STRONG> (Thumb, 0 bytes, Stack size 0 bytes, startup_stm32l152xb.o(.text))
<BR>[Address Reference Count : 1]<UL><LI> startup_stm32l152xb.o(RESET)
</UL>
<P><STRONG><a name="[1f]"></a>DAC_IRQHandler</STRONG> (Thumb, 0 bytes, Stack size 0 bytes, startup_stm32l152xb.o(.text))
<BR>[Address Reference Count : 1]<UL><LI> startup_stm32l152xb.o(RESET)
</UL>
<P><STRONG><a name="[15]"></a>DMA1_Channel1_IRQHandler</STRONG> (Thumb, 0 bytes, Stack size 0 bytes, startup_stm32l152xb.o(.text))
<BR>[Address Reference Count : 1]<UL><LI> startup_stm32l152xb.o(RESET)
</UL>
<P><STRONG><a name="[16]"></a>DMA1_Channel2_IRQHandler</STRONG> (Thumb, 0 bytes, Stack size 0 bytes, startup_stm32l152xb.o(.text))
<BR>[Address Reference Count : 1]<UL><LI> startup_stm32l152xb.o(RESET)
</UL>
<P><STRONG><a name="[17]"></a>DMA1_Channel3_IRQHandler</STRONG> (Thumb, 0 bytes, Stack size 0 bytes, startup_stm32l152xb.o(.text))
<BR>[Address Reference Count : 1]<UL><LI> startup_stm32l152xb.o(RESET)
</UL>
<P><STRONG><a name="[18]"></a>DMA1_Channel4_IRQHandler</STRONG> (Thumb, 0 bytes, Stack size 0 bytes, startup_stm32l152xb.o(.text))
<BR>[Address Reference Count : 1]<UL><LI> startup_stm32l152xb.o(RESET)
</UL>
<P><STRONG><a name="[19]"></a>DMA1_Channel5_IRQHandler</STRONG> (Thumb, 0 bytes, Stack size 0 bytes, startup_stm32l152xb.o(.text))
<BR>[Address Reference Count : 1]<UL><LI> startup_stm32l152xb.o(RESET)
</UL>
<P><STRONG><a name="[1a]"></a>DMA1_Channel6_IRQHandler</STRONG> (Thumb, 0 bytes, Stack size 0 bytes, startup_stm32l152xb.o(.text))
<BR>[Address Reference Count : 1]<UL><LI> startup_stm32l152xb.o(RESET)
</UL>
<P><STRONG><a name="[1b]"></a>DMA1_Channel7_IRQHandler</STRONG> (Thumb, 0 bytes, Stack size 0 bytes, startup_stm32l152xb.o(.text))
<BR>[Address Reference Count : 1]<UL><LI> startup_stm32l152xb.o(RESET)
</UL>
<P><STRONG><a name="[10]"></a>EXTI0_IRQHandler</STRONG> (Thumb, 0 bytes, Stack size 0 bytes, startup_stm32l152xb.o(.text))
<BR>[Address Reference Count : 1]<UL><LI> startup_stm32l152xb.o(RESET)
</UL>
<P><STRONG><a name="[32]"></a>EXTI15_10_IRQHandler</STRONG> (Thumb, 0 bytes, Stack size 0 bytes, startup_stm32l152xb.o(.text))
<BR>[Address Reference Count : 1]<UL><LI> startup_stm32l152xb.o(RESET)
</UL>
<P><STRONG><a name="[11]"></a>EXTI1_IRQHandler</STRONG> (Thumb, 0 bytes, Stack size 0 bytes, startup_stm32l152xb.o(.text))
<BR>[Address Reference Count : 1]<UL><LI> startup_stm32l152xb.o(RESET)
</UL>
<P><STRONG><a name="[12]"></a>EXTI2_IRQHandler</STRONG> (Thumb, 0 bytes, Stack size 0 bytes, startup_stm32l152xb.o(.text))
<BR>[Address Reference Count : 1]<UL><LI> startup_stm32l152xb.o(RESET)
</UL>
<P><STRONG><a name="[14]"></a>EXTI4_IRQHandler</STRONG> (Thumb, 0 bytes, Stack size 0 bytes, startup_stm32l152xb.o(.text))
<BR>[Address Reference Count : 1]<UL><LI> startup_stm32l152xb.o(RESET)
</UL>
<P><STRONG><a name="[21]"></a>EXTI9_5_IRQHandler</STRONG> (Thumb, 0 bytes, Stack size 0 bytes, startup_stm32l152xb.o(.text))
<BR>[Address Reference Count : 1]<UL><LI> startup_stm32l152xb.o(RESET)
</UL>
<P><STRONG><a name="[e]"></a>FLASH_IRQHandler</STRONG> (Thumb, 0 bytes, Stack size 0 bytes, startup_stm32l152xb.o(.text))
<BR>[Address Reference Count : 1]<UL><LI> startup_stm32l152xb.o(RESET)
</UL>
<P><STRONG><a name="[2a]"></a>I2C1_ER_IRQHandler</STRONG> (Thumb, 0 bytes, Stack size 0 bytes, startup_stm32l152xb.o(.text))
<BR>[Address Reference Count : 1]<UL><LI> startup_stm32l152xb.o(RESET)
</UL>
<P><STRONG><a name="[29]"></a>I2C1_EV_IRQHandler</STRONG> (Thumb, 0 bytes, Stack size 0 bytes, startup_stm32l152xb.o(.text))
<BR>[Address Reference Count : 1]<UL><LI> startup_stm32l152xb.o(RESET)
</UL>
<P><STRONG><a name="[2c]"></a>I2C2_ER_IRQHandler</STRONG> (Thumb, 0 bytes, Stack size 0 bytes, startup_stm32l152xb.o(.text))
<BR>[Address Reference Count : 1]<UL><LI> startup_stm32l152xb.o(RESET)
</UL>
<P><STRONG><a name="[2b]"></a>I2C2_EV_IRQHandler</STRONG> (Thumb, 0 bytes, Stack size 0 bytes, startup_stm32l152xb.o(.text))
<BR>[Address Reference Count : 1]<UL><LI> startup_stm32l152xb.o(RESET)
</UL>
<P><STRONG><a name="[22]"></a>LCD_IRQHandler</STRONG> (Thumb, 0 bytes, Stack size 0 bytes, startup_stm32l152xb.o(.text))
<BR>[Address Reference Count : 1]<UL><LI> startup_stm32l152xb.o(RESET)
</UL>
<P><STRONG><a name="[b]"></a>PVD_IRQHandler</STRONG> (Thumb, 0 bytes, Stack size 0 bytes, startup_stm32l152xb.o(.text))
<BR>[Address Reference Count : 1]<UL><LI> startup_stm32l152xb.o(RESET)
</UL>
<P><STRONG><a name="[f]"></a>RCC_IRQHandler</STRONG> (Thumb, 0 bytes, Stack size 0 bytes, startup_stm32l152xb.o(.text))
<BR>[Address Reference Count : 1]<UL><LI> startup_stm32l152xb.o(RESET)
</UL>
<P><STRONG><a name="[33]"></a>RTC_Alarm_IRQHandler</STRONG> (Thumb, 0 bytes, Stack size 0 bytes, startup_stm32l152xb.o(.text))
<BR>[Address Reference Count : 1]<UL><LI> startup_stm32l152xb.o(RESET)
</UL>
<P><STRONG><a name="[d]"></a>RTC_WKUP_IRQHandler</STRONG> (Thumb, 0 bytes, Stack size 0 bytes, startup_stm32l152xb.o(.text))
<BR>[Address Reference Count : 1]<UL><LI> startup_stm32l152xb.o(RESET)
</UL>
<P><STRONG><a name="[2d]"></a>SPI1_IRQHandler</STRONG> (Thumb, 0 bytes, Stack size 0 bytes, startup_stm32l152xb.o(.text))
<BR>[Address Reference Count : 1]<UL><LI> startup_stm32l152xb.o(RESET)
</UL>
<P><STRONG><a name="[2e]"></a>SPI2_IRQHandler</STRONG> (Thumb, 0 bytes, Stack size 0 bytes, startup_stm32l152xb.o(.text))
<BR>[Address Reference Count : 1]<UL><LI> startup_stm32l152xb.o(RESET)
</UL>
<P><STRONG><a name="[c]"></a>TAMPER_STAMP_IRQHandler</STRONG> (Thumb, 0 bytes, Stack size 0 bytes, startup_stm32l152xb.o(.text))
<BR>[Address Reference Count : 1]<UL><LI> startup_stm32l152xb.o(RESET)
</UL>
<P><STRONG><a name="[24]"></a>TIM10_IRQHandler</STRONG> (Thumb, 0 bytes, Stack size 0 bytes, startup_stm32l152xb.o(.text))
<BR>[Address Reference Count : 1]<UL><LI> startup_stm32l152xb.o(RESET)
</UL>
<P><STRONG><a name="[25]"></a>TIM11_IRQHandler</STRONG> (Thumb, 0 bytes, Stack size 0 bytes, startup_stm32l152xb.o(.text))
<BR>[Address Reference Count : 1]<UL><LI> startup_stm32l152xb.o(RESET)
</UL>
<P><STRONG><a name="[26]"></a>TIM2_IRQHandler</STRONG> (Thumb, 0 bytes, Stack size 0 bytes, startup_stm32l152xb.o(.text))
<BR>[Address Reference Count : 1]<UL><LI> startup_stm32l152xb.o(RESET)
</UL>
<P><STRONG><a name="[27]"></a>TIM3_IRQHandler</STRONG> (Thumb, 0 bytes, Stack size 0 bytes, startup_stm32l152xb.o(.text))
<BR>[Address Reference Count : 1]<UL><LI> startup_stm32l152xb.o(RESET)
</UL>
<P><STRONG><a name="[28]"></a>TIM4_IRQHandler</STRONG> (Thumb, 0 bytes, Stack size 0 bytes, startup_stm32l152xb.o(.text))
<BR>[Address Reference Count : 1]<UL><LI> startup_stm32l152xb.o(RESET)
</UL>
<P><STRONG><a name="[35]"></a>TIM6_IRQHandler</STRONG> (Thumb, 0 bytes, Stack size 0 bytes, startup_stm32l152xb.o(.text))
<BR>[Address Reference Count : 1]<UL><LI> startup_stm32l152xb.o(RESET)
</UL>
<P><STRONG><a name="[36]"></a>TIM7_IRQHandler</STRONG> (Thumb, 0 bytes, Stack size 0 bytes, startup_stm32l152xb.o(.text))
<BR>[Address Reference Count : 1]<UL><LI> startup_stm32l152xb.o(RESET)
</UL>
<P><STRONG><a name="[23]"></a>TIM9_IRQHandler</STRONG> (Thumb, 0 bytes, Stack size 0 bytes, startup_stm32l152xb.o(.text))
<BR>[Address Reference Count : 1]<UL><LI> startup_stm32l152xb.o(RESET)
</UL>
<P><STRONG><a name="[2f]"></a>USART1_IRQHandler</STRONG> (Thumb, 0 bytes, Stack size 0 bytes, startup_stm32l152xb.o(.text))
<BR>[Address Reference Count : 1]<UL><LI> startup_stm32l152xb.o(RESET)
</UL>
<P><STRONG><a name="[30]"></a>USART2_IRQHandler</STRONG> (Thumb, 0 bytes, Stack size 0 bytes, startup_stm32l152xb.o(.text))
<BR>[Address Reference Count : 1]<UL><LI> startup_stm32l152xb.o(RESET)
</UL>
<P><STRONG><a name="[31]"></a>USART3_IRQHandler</STRONG> (Thumb, 0 bytes, Stack size 0 bytes, startup_stm32l152xb.o(.text))
<BR>[Address Reference Count : 1]<UL><LI> startup_stm32l152xb.o(RESET)
</UL>
<P><STRONG><a name="[34]"></a>USB_FS_WKUP_IRQHandler</STRONG> (Thumb, 0 bytes, Stack size 0 bytes, startup_stm32l152xb.o(.text))
<BR>[Address Reference Count : 1]<UL><LI> startup_stm32l152xb.o(RESET)
</UL>
<P><STRONG><a name="[1d]"></a>USB_HP_IRQHandler</STRONG> (Thumb, 0 bytes, Stack size 0 bytes, startup_stm32l152xb.o(.text))
<BR>[Address Reference Count : 1]<UL><LI> startup_stm32l152xb.o(RESET)
</UL>
<P><STRONG><a name="[1e]"></a>USB_LP_IRQHandler</STRONG> (Thumb, 0 bytes, Stack size 0 bytes, startup_stm32l152xb.o(.text))
<BR>[Address Reference Count : 1]<UL><LI> startup_stm32l152xb.o(RESET)
</UL>
<P><STRONG><a name="[a]"></a>WWDG_IRQHandler</STRONG> (Thumb, 0 bytes, Stack size 0 bytes, startup_stm32l152xb.o(.text))
<BR>[Address Reference Count : 1]<UL><LI> startup_stm32l152xb.o(RESET)
</UL>
<P><STRONG><a name="[3b]"></a>__user_initial_stackheap</STRONG> (Thumb, 0 bytes, Stack size unknown bytes, startup_stm32l152xb.o(.text))
<BR><BR>[Called By]<UL><LI><a href="#[41]">&gt;&gt;</a>&nbsp;&nbsp;&nbsp;__user_setup_stackheap
</UL>

<P><STRONG><a name="[81]"></a>__use_two_region_memory</STRONG> (Thumb, 2 bytes, Stack size 0 bytes, heapauxi.o(.text), UNUSED)

<P><STRONG><a name="[82]"></a>__rt_heap_escrow$2region</STRONG> (Thumb, 2 bytes, Stack size 0 bytes, heapauxi.o(.text), UNUSED)

<P><STRONG><a name="[83]"></a>__rt_heap_expand$2region</STRONG> (Thumb, 2 bytes, Stack size 0 bytes, heapauxi.o(.text), UNUSED)

<P><STRONG><a name="[41]"></a>__user_setup_stackheap</STRONG> (Thumb, 74 bytes, Stack size 8 bytes, sys_stackheap_outer.o(.text))
<BR><BR>[Stack]<UL><LI>Max Depth = 8 + Unknown Stack Size
<LI>Call Chain = __user_setup_stackheap
</UL>
<BR>[Calls]<UL><LI><a href="#[3b]">&gt;&gt;</a>&nbsp;&nbsp;&nbsp;__user_initial_stackheap
<LI><a href="#[4b]">&gt;&gt;</a>&nbsp;&nbsp;&nbsp;__user_perproc_libspace
</UL>
<BR>[Called By]<UL><LI><a href="#[40]">&gt;&gt;</a>&nbsp;&nbsp;&nbsp;__rt_entry_sh
</UL>

<P><STRONG><a name="[46]"></a>exit</STRONG> (Thumb, 18 bytes, Stack size 8 bytes, exit.o(.text))
<BR><BR>[Stack]<UL><LI>Max Depth = 8 + Unknown Stack Size
<LI>Call Chain = exit
</UL>
<BR>[Calls]<UL><LI><a href="#[4c]">&gt;&gt;</a>&nbsp;&nbsp;&nbsp;__rt_exit
</UL>
<BR>[Called By]<UL><LI><a href="#[44]">&gt;&gt;</a>&nbsp;&nbsp;&nbsp;__rt_entry_main
</UL>

<P><STRONG><a name="[84]"></a>__user_libspace</STRONG> (Thumb, 8 bytes, Stack size 0 bytes, libspace.o(.text), UNUSED)

<P><STRONG><a name="[4b]"></a>__user_perproc_libspace</STRONG> (Thumb, 0 bytes, Stack size 0 bytes, libspace.o(.text))
<BR><BR>[Called By]<UL><LI><a href="#[41]">&gt;&gt;</a>&nbsp;&nbsp;&nbsp;__user_setup_stackheap
</UL>

<P><STRONG><a name="[85]"></a>__user_perthread_libspace</STRONG> (Thumb, 0 bytes, Stack size 0 bytes, libspace.o(.text), UNUSED)

<P><STRONG><a name="[4a]"></a>_sys_exit</STRONG> (Thumb, 8 bytes, Stack size 0 bytes, sys_exit.o(.text))
<BR><BR>[Called By]<UL><LI><a href="#[49]">&gt;&gt;</a>&nbsp;&nbsp;&nbsp;__rt_exit_exit
</UL>

<P><STRONG><a name="[86]"></a>__I$use$semihosting</STRONG> (Thumb, 0 bytes, Stack size 0 bytes, use_no_semi.o(.text), UNUSED)

<P><STRONG><a name="[87]"></a>__use_no_semihosting_swi</STRONG> (Thumb, 2 bytes, Stack size 0 bytes, use_no_semi.o(.text), UNUSED)

<P><STRONG><a name="[88]"></a>__semihosting_library_function</STRONG> (Thumb, 0 bytes, Stack size unknown bytes, indicate_semi.o(.text), UNUSED)

<P><STRONG><a name="[5a]"></a>DWT_Delay</STRONG> (Thumb, 40 bytes, Stack size 8 bytes, dwt_delay.o(.text.DWT_Delay))
<BR><BR>[Stack]<UL><LI>Max Depth = 8<LI>Call Chain = DWT_Delay
</UL>
<BR>[Called By]<UL><LI><a href="#[53]">&gt;&gt;</a>&nbsp;&nbsp;&nbsp;ShowPlayer
<LI><a href="#[54]">&gt;&gt;</a>&nbsp;&nbsp;&nbsp;ShowMotel
</UL>

<P><STRONG><a name="[13]"></a>EXTI3_IRQHandler</STRONG> (Thumb, 156 bytes, Stack size 20 bytes, main.o(.text.EXTI3_IRQHandler))
<BR><BR>[Stack]<UL><LI>Max Depth = 20<LI>Call Chain = EXTI3_IRQHandler
</UL>
<BR>[Address Reference Count : 1]<UL><LI> startup_stm32l152xb.o(RESET)
</UL>
<P><STRONG><a name="[4d]"></a>Gpio_Config</STRONG> (Thumb, 212 bytes, Stack size 64 bytes, main.o(.text.Gpio_Config))
<BR><BR>[Stack]<UL><LI>Max Depth = 72<LI>Call Chain = Gpio_Config &rArr; LL_EXTI_Init
</UL>
<BR>[Calls]<UL><LI><a href="#[4e]">&gt;&gt;</a>&nbsp;&nbsp;&nbsp;LL_EXTI_Init
</UL>
<BR>[Called By]<UL><LI><a href="#[45]">&gt;&gt;</a>&nbsp;&nbsp;&nbsp;main
</UL>

<P><STRONG><a name="[4e]"></a>LL_EXTI_Init</STRONG> (Thumb, 140 bytes, Stack size 8 bytes, stm32l1xx_ll_exti.o(.text.LL_EXTI_Init))
<BR><BR>[Stack]<UL><LI>Max Depth = 8<LI>Call Chain = LL_EXTI_Init
</UL>
<BR>[Called By]<UL><LI><a href="#[4d]">&gt;&gt;</a>&nbsp;&nbsp;&nbsp;Gpio_Config
</UL>

<P><STRONG><a name="[3a]"></a>LL_GPIO_Init</STRONG> (Thumb, 288 bytes, Stack size 24 bytes, stm32l1xx_ll_gpio.o(.text.LL_GPIO_Init))
<BR><BR>[Stack]<UL><LI>Max Depth = 24<LI>Call Chain = LL_GPIO_Init
</UL>
<BR>[Address Reference Count : 1]<UL><LI> main.o(.text.Gpio_Config)
</UL>
<P><STRONG><a name="[4f]"></a>LL_RCC_GetSystemClocksFreq</STRONG> (Thumb, 68 bytes, Stack size 8 bytes, stm32l1xx_ll_rcc.o(.text.LL_RCC_GetSystemClocksFreq))
<BR><BR>[Stack]<UL><LI>Max Depth = 8<LI>Call Chain = LL_RCC_GetSystemClocksFreq
</UL>
<BR>[Calls]<UL><LI><a href="#[50]">&gt;&gt;</a>&nbsp;&nbsp;&nbsp;RCC_GetSystemClockFreq
</UL>
<BR>[Called By]<UL><LI><a href="#[51]">&gt;&gt;</a>&nbsp;&nbsp;&nbsp;LL_USART_Init
</UL>

<P><STRONG><a name="[51]"></a>LL_USART_Init</STRONG> (Thumb, 232 bytes, Stack size 32 bytes, stm32l1xx_ll_usart.o(.text.LL_USART_Init))
<BR><BR>[Stack]<UL><LI>Max Depth = 40<LI>Call Chain = LL_USART_Init &rArr; LL_RCC_GetSystemClocksFreq
</UL>
<BR>[Calls]<UL><LI><a href="#[4f]">&gt;&gt;</a>&nbsp;&nbsp;&nbsp;LL_RCC_GetSystemClocksFreq
</UL>
<BR>[Called By]<UL><LI><a href="#[5b]">&gt;&gt;</a>&nbsp;&nbsp;&nbsp;Usart_Config
</UL>

<P><STRONG><a name="[52]"></a>Move</STRONG> (Thumb, 96 bytes, Stack size 16 bytes, main.o(.text.Move))
<BR><BR>[Stack]<UL><LI>Max Depth = 64<LI>Call Chain = Move &rArr; ShowMotel &rArr; DWT_Delay
</UL>
<BR>[Calls]<UL><LI><a href="#[55]">&gt;&gt;</a>&nbsp;&nbsp;&nbsp;Usart_SendString
<LI><a href="#[53]">&gt;&gt;</a>&nbsp;&nbsp;&nbsp;ShowPlayer
<LI><a href="#[54]">&gt;&gt;</a>&nbsp;&nbsp;&nbsp;ShowMotel
</UL>
<BR>[Called By]<UL><LI><a href="#[57]">&gt;&gt;</a>&nbsp;&nbsp;&nbsp;Run
</UL>

<P><STRONG><a name="[50]"></a>RCC_GetSystemClockFreq</STRONG> (Thumb, 76 bytes, Stack size 0 bytes, stm32l1xx_ll_rcc.o(.text.RCC_GetSystemClockFreq))
<BR><BR>[Calls]<UL><LI><a href="#[56]">&gt;&gt;</a>&nbsp;&nbsp;&nbsp;RCC_PLL_GetFreqDomain_SYS
</UL>
<BR>[Called By]<UL><LI><a href="#[4f]">&gt;&gt;</a>&nbsp;&nbsp;&nbsp;LL_RCC_GetSystemClocksFreq
</UL>

<P><STRONG><a name="[56]"></a>RCC_PLL_GetFreqDomain_SYS</STRONG> (Thumb, 84 bytes, Stack size 0 bytes, stm32l1xx_ll_rcc.o(.text.RCC_PLL_GetFreqDomain_SYS))
<BR><BR>[Called By]<UL><LI><a href="#[50]">&gt;&gt;</a>&nbsp;&nbsp;&nbsp;RCC_GetSystemClockFreq
</UL>

<P><STRONG><a name="[57]"></a>Run</STRONG> (Thumb, 48 bytes, Stack size 8 bytes, main.o(.text.Run))
<BR><BR>[Stack]<UL><LI>Max Depth = 80<LI>Call Chain = Run &rArr; WaitB &rArr; ShowMotel &rArr; DWT_Delay
</UL>
<BR>[Calls]<UL><LI><a href="#[58]">&gt;&gt;</a>&nbsp;&nbsp;&nbsp;WaitD
<LI><a href="#[59]">&gt;&gt;</a>&nbsp;&nbsp;&nbsp;WaitB
<LI><a href="#[52]">&gt;&gt;</a>&nbsp;&nbsp;&nbsp;Move
</UL>
<BR>[Called By]<UL><LI><a href="#[45]">&gt;&gt;</a>&nbsp;&nbsp;&nbsp;main
</UL>

<P><STRONG><a name="[54]"></a>ShowMotel</STRONG> (Thumb, 256 bytes, Stack size 40 bytes, main.o(.text.ShowMotel))
<BR><BR>[Stack]<UL><LI>Max Depth = 48<LI>Call Chain = ShowMotel &rArr; DWT_Delay
</UL>
<BR>[Calls]<UL><LI><a href="#[5a]">&gt;&gt;</a>&nbsp;&nbsp;&nbsp;DWT_Delay
</UL>
<BR>[Called By]<UL><LI><a href="#[5d]">&gt;&gt;</a>&nbsp;&nbsp;&nbsp;WaitS
<LI><a href="#[58]">&gt;&gt;</a>&nbsp;&nbsp;&nbsp;WaitD
<LI><a href="#[59]">&gt;&gt;</a>&nbsp;&nbsp;&nbsp;WaitB
<LI><a href="#[52]">&gt;&gt;</a>&nbsp;&nbsp;&nbsp;Move
</UL>

<P><STRONG><a name="[53]"></a>ShowPlayer</STRONG> (Thumb, 488 bytes, Stack size 24 bytes, main.o(.text.ShowPlayer))
<BR><BR>[Stack]<UL><LI>Max Depth = 32<LI>Call Chain = ShowPlayer &rArr; DWT_Delay
</UL>
<BR>[Calls]<UL><LI><a href="#[5a]">&gt;&gt;</a>&nbsp;&nbsp;&nbsp;DWT_Delay
</UL>
<BR>[Called By]<UL><LI><a href="#[5d]">&gt;&gt;</a>&nbsp;&nbsp;&nbsp;WaitS
<LI><a href="#[58]">&gt;&gt;</a>&nbsp;&nbsp;&nbsp;WaitD
<LI><a href="#[59]">&gt;&gt;</a>&nbsp;&nbsp;&nbsp;WaitB
<LI><a href="#[52]">&gt;&gt;</a>&nbsp;&nbsp;&nbsp;Move
</UL>

<P><STRONG><a name="[37]"></a>SystemInit</STRONG> (Thumb, 72 bytes, Stack size 0 bytes, system_stm32l1xx.o(.text.SystemInit))
<BR>[Address Reference Count : 1]<UL><LI> startup_stm32l152xb.o(.text)
</UL>
<P><STRONG><a name="[5b]"></a>Usart_Config</STRONG> (Thumb, 60 bytes, Stack size 40 bytes, main.o(.text.Usart_Config))
<BR><BR>[Stack]<UL><LI>Max Depth = 80<LI>Call Chain = Usart_Config &rArr; LL_USART_Init &rArr; LL_RCC_GetSystemClocksFreq
</UL>
<BR>[Calls]<UL><LI><a href="#[51]">&gt;&gt;</a>&nbsp;&nbsp;&nbsp;LL_USART_Init
<LI><a href="#[5c]">&gt;&gt;</a>&nbsp;&nbsp;&nbsp;LL_APB1_GRP1_EnableClock
</UL>
<BR>[Called By]<UL><LI><a href="#[45]">&gt;&gt;</a>&nbsp;&nbsp;&nbsp;main
</UL>

<P><STRONG><a name="[55]"></a>Usart_SendString</STRONG> (Thumb, 36 bytes, Stack size 0 bytes, main.o(.text.Usart_SendString))
<BR><BR>[Called By]<UL><LI><a href="#[52]">&gt;&gt;</a>&nbsp;&nbsp;&nbsp;Move
</UL>

<P><STRONG><a name="[59]"></a>WaitB</STRONG> (Thumb, 132 bytes, Stack size 24 bytes, main.o(.text.WaitB))
<BR><BR>[Stack]<UL><LI>Max Depth = 72<LI>Call Chain = WaitB &rArr; ShowMotel &rArr; DWT_Delay
</UL>
<BR>[Calls]<UL><LI><a href="#[53]">&gt;&gt;</a>&nbsp;&nbsp;&nbsp;ShowPlayer
<LI><a href="#[54]">&gt;&gt;</a>&nbsp;&nbsp;&nbsp;ShowMotel
</UL>
<BR>[Called By]<UL><LI><a href="#[57]">&gt;&gt;</a>&nbsp;&nbsp;&nbsp;Run
</UL>

<P><STRONG><a name="[58]"></a>WaitD</STRONG> (Thumb, 32 bytes, Stack size 16 bytes, main.o(.text.WaitD))
<BR><BR>[Stack]<UL><LI>Max Depth = 64<LI>Call Chain = WaitD &rArr; ShowMotel &rArr; DWT_Delay
</UL>
<BR>[Calls]<UL><LI><a href="#[53]">&gt;&gt;</a>&nbsp;&nbsp;&nbsp;ShowPlayer
<LI><a href="#[54]">&gt;&gt;</a>&nbsp;&nbsp;&nbsp;ShowMotel
</UL>
<BR>[Called By]<UL><LI><a href="#[57]">&gt;&gt;</a>&nbsp;&nbsp;&nbsp;Run
</UL>

<P><STRONG><a name="[5d]"></a>WaitS</STRONG> (Thumb, 40 bytes, Stack size 16 bytes, main.o(.text.WaitS))
<BR><BR>[Stack]<UL><LI>Max Depth = 64<LI>Call Chain = WaitS &rArr; ShowMotel &rArr; DWT_Delay
</UL>
<BR>[Calls]<UL><LI><a href="#[53]">&gt;&gt;</a>&nbsp;&nbsp;&nbsp;ShowPlayer
<LI><a href="#[54]">&gt;&gt;</a>&nbsp;&nbsp;&nbsp;ShowMotel
</UL>
<BR>[Called By]<UL><LI><a href="#[45]">&gt;&gt;</a>&nbsp;&nbsp;&nbsp;main
</UL>

<P><STRONG><a name="[45]"></a>main</STRONG> (Thumb, 18 bytes, Stack size 0 bytes, main.o(.text.main))
<BR><BR>[Stack]<UL><LI>Max Depth = 80<LI>Call Chain = main &rArr; Usart_Config &rArr; LL_USART_Init &rArr; LL_RCC_GetSystemClocksFreq
</UL>
<BR>[Calls]<UL><LI><a href="#[5d]">&gt;&gt;</a>&nbsp;&nbsp;&nbsp;WaitS
<LI><a href="#[5b]">&gt;&gt;</a>&nbsp;&nbsp;&nbsp;Usart_Config
<LI><a href="#[57]">&gt;&gt;</a>&nbsp;&nbsp;&nbsp;Run
<LI><a href="#[4d]">&gt;&gt;</a>&nbsp;&nbsp;&nbsp;Gpio_Config
</UL>
<BR>[Called By]<UL><LI><a href="#[44]">&gt;&gt;</a>&nbsp;&nbsp;&nbsp;__rt_entry_main
</UL>
<P>
<H3>
Local Symbols
</H3>
<P><STRONG><a name="[39]"></a>LL_AHB1_GRP1_EnableClock</STRONG> (Thumb, 28 bytes, Stack size 4 bytes, main.o(.text.LL_AHB1_GRP1_EnableClock))
<BR><BR>[Stack]<UL><LI>Max Depth = 4<LI>Call Chain = LL_AHB1_GRP1_EnableClock
</UL>
<BR>[Address Reference Count : 1]<UL><LI> main.o(.text.Gpio_Config)
</UL>
<P><STRONG><a name="[5c]"></a>LL_APB1_GRP1_EnableClock</STRONG> (Thumb, 28 bytes, Stack size 4 bytes, main.o(.text.LL_APB1_GRP1_EnableClock))
<BR><BR>[Stack]<UL><LI>Max Depth = 4<LI>Call Chain = LL_APB1_GRP1_EnableClock
</UL>
<BR>[Called By]<UL><LI><a href="#[5b]">&gt;&gt;</a>&nbsp;&nbsp;&nbsp;Usart_Config
</UL>
<P>
<H3>
Undefined Global Symbols
</H3><HR></body></html>
